Level: 1
Usage: Encounter
Tool: Weapon
ToolRange: Melee
PowerSource: Martial
Attacks:
- WeaponDice: 1.0000000000000002
  Ability: Strength
  DamageTypes:
  - Normal
  Modifiers:
  - Name: RequiredHitForNextAttack
- WeaponDice: 1.75
  Ability: Strength
  DamageTypes:
  - Normal
  Modifiers:
  - Name: RequiresPreviousHit
  - Abilities:
    - Strength
    Name: Ability Modifier Damage
Modifiers:
- SelfBoosts:
  - Amount: +2
    Defense: Will
    Name: Defense
  AllyBoosts: []
  AllyType: Single
  Name: Boost
- Duration: EndOfUserNextTurn
  Name: Duration
