{
  "Template": "Skirmish",
  "Attacks": [
    {
      "WeaponDice": 1.0,
      "Tool": "Weapon",
      "Modifiers": [
        {
          "Modifier": "Ability Modifier Damage"
        },
        {
          "Modifier": "Shift"
        }
      ]
    }
  ]
}
