{
  "Template": "Bonus",
  "Attacks": [
    {
      "WeaponDice": 1.0,
      "Modifiers": [
        {
          "Modifier": "To-Hit Bonus +2 (or Abil) to next attack (or to specific target)"
        },
        {
          "Modifier": "Ability Modifier Damage"
        }
      ]
    }
  ]
}
