{
  "Template": "Multiattack",
  "Attacks": [
    {
      "WeaponDice": 1.75,
      "Tool": "MeleeWeapon",
      "Modifiers": [
        {
          "Modifier": "Ability Modifier Damage"
        }
      ]
    },
    {
      "WeaponDice": 1.75,
      "Tool": "MeleeWeapon",
      "Modifiers": [
        {
          "Modifier": "Ability Modifier Damage"
        }
      ]
    }
  ]
}
