{
  "Template": "Close burst",
  "Attacks": [
    {
      "WeaponDice": 2.5,
      "Tool": "Weapon",
      "Modifiers": [
        {
          "Modifier": "Ability Modifier Damage"
        }
      ]
    }
  ]
}
