{
  "Template": "Interrupt Penalty",
  "Attacks": [
    {
      "WeaponDice": 1.5,
      "Modifiers": [
        {
          "Modifier": "Ability Modifier Damage"
        }
      ]
    }
  ]
}
