Level: 1
Usage: AtWill
Tool: Weapon
ToolRange: Range
PowerSource: Martial
Attacks:
- WeaponDice: 1
  Ability: Strength
  DamageTypes:
  - Normal
  Modifiers:
  - Abilities:
    - Strength
    Name: Ability Modifier Damage
  - Defense: Fortitude
    Name: Non-Armor Defense
Modifiers: []
