- Template: Skirmish
  Attacks:
  - WeaponDice: 1
    Target: Melee
    Modifiers:
    - Modifier: Ability Modifier Damage
      Options: {}
    - Modifier: Shift
      Options: {}
- Name: Generated
  Keywords:
  - Weapon
  Level: 1
  Effects:
  - Target:
      Effect:
        Attack:
          Hit:
            Damage:
            - Amount: 1[W] + STR
              Types:
              - Weapon
      MeleeWeapon: {}
    Slide:
      Target: Self
      Amount: DEX
