- PowerInfo:
    Usage: AtWill
    ToolType: Weapon
    ToolRange: Melee
    Level: 1
    Abilities:
    - Strength
    - Dexterity
  PowerProfile:
    Attacks:
    - Target:
        Target: Enemy, Self, Ally
        Name: Basic Target
      Ability: Strength
      Effects:
      - Target:
          Name: See Other
        EffectType: Harmful
        Modifiers:
        - Damage: 1[W] + STR
          DamageTypes: []
          Name: Damage
      Modifiers:
      - Defense: Fortitude
        Name: Non-Armor Defense
    Modifiers:
    - PowerSource: Martial
      Name: Power Source
    Effects: []
- Name: Unknown
  TypeInfo: Weapon Attack 1
  FlavorText: ''
  PowerUsage: At-Will
  Keywords:
  - Martial
  - Weapon
  ActionType: Standard Action
  AttackType: Melee
  AttackTypeDetails: weapon
  Target: One creature
  Attack: STR vs. Fortitude
  RulesText:
  - Label: Hit
    Text: 1[W] + STR damage.
- Fields:
    Flavor Text: ''
    Name: Unknown
