Template: Skirmish
Attacks:
- WeaponDice: 1
  Target: Range
  Modifiers:
  - Modifier: Ability Modifier Damage
    Options: {}
  - Modifier: Shift
    Options: {}
