Template: Accurate
Attacks:
- WeaponDice: 1
  Target: Melee
  Modifiers:
  - Modifier: Ability Modifier Damage
  - Modifier: Non-Armor Defense
