- PowerInfo:
    Usage: Daily
    ToolType: Weapon
    ToolRange: Melee
    Level: 1
    Abilities:
    - Strength
    - Dexterity
  PowerProfile:
    Attacks:
    - Target:
        Target: Enemy, Self, Ally
        Name: Basic Target
      Ability: Strength
      Effects:
      - Target:
          Name: See Other
        EffectType: Harmful
        Modifiers:
        - Damage: 1[W] + STR
          DamageTypes: []
          Name: Damage
        - Conditions:
          - Name: Blinded
          - Name: Dazed
          - Name: Deafened
          Name: Condition
      Modifiers:
      - Kind: Cover, Concealment
        Name: Ignore Cover or Concealment
    Modifiers:
    - PowerSource: Martial
      Name: Power Source
    Effects: []
- Name: Unknown
  TypeInfo: Weapon Attack 1
  FlavorText: ''
  PowerUsage: Daily
  Keywords:
  - Martial
  - Weapon
  ActionType: Standard Action
  AttackType: Melee
  AttackTypeDetails: weapon
  Target: One creature
  Attack: STR vs. AC. The attack ignores cover and concealment, but not superior cover or total concealment.
  RulesText:
  - Label: Hit
    Text: 1[W] + STR damage, and the target is blinded, dazed, and deafened until the end of your next turn.
- Fields:
    Flavor Text: ''
    Name: Unknown
