Usage: AtWill
Tool: Weapon
ToolRange: Range
Attacks:
- WeaponDice: 1
  Ability: Strength
  DamageTypes:
  - Normal
  Modifiers:
  - Abilities:
    - Strength
    Name: Ability Modifier Damage
  - Conditions:
    - Name: Dazed
    Name: Condition
Modifiers:
- Duration: EndOfUserNextTurn
  Name: Duration
- PowerSource: Martial
  Name: Power Source
