- PowerInfo:
    Usage: At-Will
    ToolType: Weapon
    ToolRange: Melee
    Level: 1
    Abilities:
    - Strength
    - Dexterity
    PossibleRestrictions:
    - the target is bloodied
    - you are dual wielding
    - you are bloodied
    - you have combat advantage against the target
  PowerProfile:
    Attacks:
    - Target:
        Name: TwoHits
      Ability: Strength
      Effects:
      - Target:
          Name: See Other
        EffectType: Harmful
        Modifiers:
        - Name: Damage
          Damage: 1[W]
          DamageTypes: []
          IncreaseAtHigherLevels: true
        - Name: Restriction
          RestrictionIndex: 0
          RestrictedEffects:
          - Name: Condition
            Conditions:
            - Name: Simple
              ConditionName: Dazed
      Modifiers: []
    Modifiers:
    - Name: Power Source
      PowerSource: Martial
    Effects: []
- Name: Unknown
  TypeInfo: Weapon Attack 1
  FlavorText: ''
  PowerUsage: At-Will
  Keywords:
  - Martial
  - Weapon
  ActionType: Standard Action
  AttackType: Melee
  AttackTypeDetails: weapon
  Target: One or two creatures
  Attack: STR vs. AC, two attacks
  RulesText:
  - Label: Hit
    Text: '1[W] damage. Level 21: 2[W] damage. If the target is bloodied, the target also is dazed until the end of your next turn.'
- Fields:
    Flavor Text: ''
    Name: Unknown
