Template: Multiattack
Attacks:
- WeaponDice: 3
  DamageTypes:
  - Weapon
  Target: Melee
  Modifiers:
  - Modifier: Ability Modifier Damage
    Options:
      Ability: Strength
- WeaponDice: 1
  DamageTypes:
  - Weapon
  Target: Melee
  Modifiers: []
