{
  "Template": "Conditions",
  "Attacks": [
    {
      "Modifiers": [
        {
          "Modifier": "Non-Armor Defense"
        },
        {
          "Modifier": "Slowed"
        },
        {
          "Modifier": "Ability Modifier Damage"
        }
      ]
    }
  ]
}
