Template: Conditions
Tool: Weapon
Attacks:
- WeaponDice: 2.166666666666667
  Ability: Strength
  DamageTypes:
  - Weapon
  Target: Melee
  Modifiers:
  - Abilities:
    - Strength
    Name: Ability Modifier Damage
  - Defense: Fortitude
    Name: Non-Armor Defense
  - Size: 3
    Type: Burst
    Name: Multiple
  - Duration: EndOfUserNextTurn
    Conditions:
    - Name: Blinded
    - Name: Dazed
    - Name: Immobilized
    Name: Condition
Modifiers: []
