Powers:
- Level: 1
  Usage: AtWill
  Tool: Weapon
  ToolRange: Range
  PowerSource: Martial
  Attacks:
  - WeaponDice: 1
    Ability: Strength
    DamageTypes:
    - Normal
    Modifiers:
    - Abilities:
      - Strength
      Name: Ability Modifier Damage
  Modifiers:
  - SelfBoosts:
    - Amount: DEX
      Limit: Target
      Name: Attack
    AllyBoosts: []
    AllyType: Single
    Name: Boost
  - Duration: EndOfUserNextTurn
    Name: Duration
- Level: 1
  Usage: AtWill
  Tool: Weapon
  ToolRange: Range
  PowerSource: Martial
  Attacks:
  - WeaponDice: 1
    Ability: Strength
    DamageTypes:
    - Normal
    Modifiers:
    - Abilities:
      - Strength
      Name: Ability Modifier Damage
    - Amount: +2
      Name: To-Hit Bonus to Current Attack
  Modifiers: []
- Level: 1
  Usage: AtWill
  Tool: Weapon
  ToolRange: Range
  PowerSource: Martial
  Attacks:
  - WeaponDice: 1
    Ability: Strength
    DamageTypes:
    - Normal
    Modifiers:
    - Abilities:
      - Strength
      Name: Ability Modifier Damage
    - Movement:
      - Name: Non-Provoking Movement
      Name: Skirmish Movement
  Modifiers: []
- Level: 1
  Usage: AtWill
  Tool: Weapon
  ToolRange: Range
  PowerSource: Martial
  Attacks:
  - WeaponDice: 1
    Ability: Strength
    DamageTypes:
    - Normal
    Modifiers:
    - Name: TwoHits
  Modifiers: []
- Level: 1
  Usage: Encounter
  Tool: Weapon
  ToolRange: Range
  PowerSource: Martial
  Attacks:
  - WeaponDice: 1
    Ability: Strength
    DamageTypes:
    - Fire
    Modifiers:
    - Name: UpToThreeTargets
    - Abilities:
      - Strength
      Name: Ability Modifier Damage
  Modifiers: []
- Level: 1
  Usage: Encounter
  Tool: Weapon
  ToolRange: Range
  PowerSource: Martial
  Attacks:
  - WeaponDice: 1
    Ability: Strength
    DamageTypes:
    - Fire
    Modifiers:
    - Name: TwoHits
    - Abilities:
      - Strength
      Name: Ability Modifier Damage
  Modifiers: []
- Level: 1
  Usage: Encounter
  Tool: Weapon
  ToolRange: Range
  PowerSource: Martial
  Attacks:
  - WeaponDice: 1
    Ability: Dexterity
    DamageTypes:
    - Normal
    Modifiers:
    - Name: TwoHits
    - Abilities:
      - Dexterity
      Name: Ability Modifier Damage
  Modifiers: []
- Level: 1
  Usage: Encounter
  Tool: Weapon
  ToolRange: Range
  PowerSource: Martial
  Attacks:
  - WeaponDice: 1.0000000000000002
    Ability: Strength
    DamageTypes:
    - Fire
    Modifiers:
    - Name: RequiredHitForNextAttack
  - WeaponDice: 1.75
    Ability: Strength
    DamageTypes:
    - Fire
    Modifiers:
    - Name: RequiresPreviousHit
    - Abilities:
      - Strength
      Name: Ability Modifier Damage
  Modifiers:
  - SelfBoosts:
    - Amount: DEX
      Limit: Target
      Name: Attack
    AllyBoosts: []
    AllyType: Single
    Name: Boost
  - Duration: EndOfUserNextTurn
    Name: Duration
- Level: 1
  Usage: Daily
  Tool: Weapon
  ToolRange: Range
  PowerSource: Martial
  Attacks:
  - WeaponDice: 2.3888888888888888
    Ability: Strength
    DamageTypes:
    - Fire
    Modifiers:
    - Abilities:
      - Strength
      Name: Ability Modifier Damage
  - WeaponDice: 1.1111111111111112
    Ability: Strength
    DamageTypes:
    - Fire
    Modifiers: []
  Modifiers:
  - SelfBoosts: []
    AllyBoosts:
    - Amount: STR
      Name: Temporary Hit Points
    AllyType: Single
    Name: Boost
- Level: 1
  Usage: Daily
  Tool: Weapon
  ToolRange: Range
  PowerSource: Martial
  Attacks:
  - WeaponDice: 2.3888888888888888
    Ability: Strength
    DamageTypes:
    - Normal
    Modifiers:
    - Abilities:
      - Strength
      Name: Ability Modifier Damage
  - WeaponDice: 1.1111111111111112
    Ability: Strength
    DamageTypes:
    - Normal
    Modifiers: []
  Modifiers:
  - SelfBoosts: []
    AllyBoosts:
    - Amount: STR
      Name: Temporary Hit Points
    AllyType: Single
    Name: Boost
- Level: 1
  Usage: Daily
  Tool: Weapon
  ToolRange: Range
  PowerSource: Martial
  Attacks:
  - WeaponDice: 1.5
    Ability: Strength
    DamageTypes:
    - Normal
    Modifiers:
    - Name: TwoHits
    - Abilities:
      - Strength
      Name: Ability Modifier Damage
  Modifiers:
  - SelfBoosts: []
    AllyBoosts:
    - Amount: +2
      Name: Temporary Hit Points
    AllyType: Single
    Name: Boost
- Level: 1
  Usage: Daily
  Tool: Weapon
  ToolRange: Range
  PowerSource: Martial
  Attacks:
  - WeaponDice: 1.1111111111111112
    Ability: Strength
    DamageTypes:
    - Normal
    Modifiers: []
  - WeaponDice: 1.3888888888888888
    Ability: Strength
    DamageTypes:
    - Normal
    Modifiers:
    - Movement:
      - Timing: After
        Amount: STR
        Name: Shift
      Name: Skirmish Movement
    - Abilities:
      - Strength
      - Dexterity
      Name: Ability Modifier Damage
  Modifiers:
  - SelfBoosts: []
    AllyBoosts:
    - Amount: STR
      Name: Temporary Hit Points
    AllyType: Single
    Name: Boost
- Level: 3
  Usage: Encounter
  Tool: Weapon
  ToolRange: Range
  PowerSource: Martial
  Attacks:
  - WeaponDice: 1
    Ability: Strength
    DamageTypes:
    - Fire
    Modifiers:
    - Name: TwoHits
    - Amount: +2
      Name: To-Hit Bonus to Current Attack
  Modifiers: []
- Level: 3
  Usage: Encounter
  Tool: Weapon
  ToolRange: Range
  PowerSource: Martial
  Attacks:
  - WeaponDice: 1.0000000000000002
    Ability: Dexterity
    DamageTypes:
    - Normal
    Modifiers:
    - Name: RequiredHitForNextAttack
  - WeaponDice: 1.75
    Ability: Dexterity
    DamageTypes:
    - Normal
    Modifiers:
    - Name: RequiresPreviousHit
    - Abilities:
      - Dexterity
      Name: Ability Modifier Damage
  Modifiers:
  - SelfBoosts:
    - Amount: +2
      Name: Temporary Hit Points
    AllyBoosts: []
    AllyType: Single
    Name: Boost
- Level: 3
  Usage: Encounter
  Tool: Weapon
  ToolRange: Range
  PowerSource: Martial
  Attacks:
  - WeaponDice: 1.0000000000000002
    Ability: Strength
    DamageTypes:
    - Normal
    Modifiers:
    - Name: RequiredHitForNextAttack
  - WeaponDice: 1.75
    Ability: Strength
    DamageTypes:
    - Normal
    Modifiers:
    - Name: RequiresPreviousHit
    - Abilities:
      - Strength
      Name: Ability Modifier Damage
  Modifiers:
  - SelfBoosts:
    - Amount: STR
      Limit: NextAttack
      Name: Attack
    AllyBoosts: []
    AllyType: Single
    Name: Boost
- Level: 3
  Usage: Encounter
  Tool: Weapon
  ToolRange: Range
  PowerSource: Martial
  Attacks:
  - WeaponDice: 1.2000000000000002
    Ability: Strength
    DamageTypes:
    - Normal
    Modifiers:
    - Name: RequiredHitForNextAttack
  - WeaponDice: 1.7000000000000002
    Ability: Strength
    DamageTypes:
    - Normal
    Modifiers:
    - Name: RequiresPreviousHit
    - SelfBoosts:
      - Amount: +2
        Limit: Target
        Name: Attack
      - Amount: +2
        Defense: ArmorClass
        Name: Defense
      AllyBoosts: []
      AllyType: Single
      Name: Boost
  Modifiers:
  - Duration: EndOfUserNextTurn
    Name: Duration
- Level: 5
  Usage: Daily
  Tool: Weapon
  ToolRange: Range
  PowerSource: Martial
  Attacks:
  - WeaponDice: 3
    Ability: Dexterity
    DamageTypes:
    - Normal
    Modifiers:
    - Name: UpToThreeTargets
    - Abilities:
      - Dexterity
      Name: Ability Modifier Damage
  Modifiers:
  - SelfBoosts:
    - Amount: +2
      Limit: NextAttack
      Name: Attack
    AllyBoosts: []
    AllyType: Single
    Name: Boost
- Level: 5
  Usage: Daily
  Tool: Weapon
  ToolRange: Range
  PowerSource: Martial
  Attacks:
  - WeaponDice: 1.375
    Ability: Dexterity
    DamageTypes:
    - Fire
    Modifiers:
    - Name: RequiredHitForNextAttack
  - WeaponDice: 1.59375
    Ability: Dexterity
    DamageTypes:
    - Fire
    Modifiers:
    - Name: RequiresPreviousHit
    - Name: RequiredHitForNextAttack
    - Abilities:
      - Dexterity
      Name: Ability Modifier Damage
    - Effects:
      - Name: Prone
      Name: MovementControl
  - WeaponDice: 1.59375
    Ability: Dexterity
    DamageTypes:
    - Fire
    Modifiers:
    - Name: RequiresPreviousHit
    - Abilities:
      - Dexterity
      Name: Ability Modifier Damage
    - Effects:
      - Mode: Push
        Amount: +2
        Name: Slide Opponent
      Name: MovementControl
  Modifiers: []
- Level: 5
  Usage: Daily
  Tool: Weapon
  ToolRange: Range
  PowerSource: Martial
  Attacks:
  - WeaponDice: 1.0677966101694916
    Ability: Dexterity
    DamageTypes:
    - Fire
    Modifiers:
    - Name: RequiredHitForNextAttack
  - WeaponDice: 2.148305084745763
    Ability: Dexterity
    DamageTypes:
    - Fire
    Modifiers:
    - Name: RequiresPreviousHit
    - Abilities:
      - Dexterity
      Name: Ability Modifier Damage
    - SelfBoosts:
      - Amount: +2
        Limit: Target
        Name: Attack
      AllyBoosts: []
      AllyType: Single
      Name: Boost
    - Effects:
      - Mode: Pull
        Amount: +1
        Name: Slide Opponent
      Name: MovementControl
  Modifiers:
  - Duration: EndOfEncounter
    Name: Duration
  - SelfBoosts: []
    AllyBoosts:
    - Amount: STR
      Name: Temporary Hit Points
    - Amount: STR
      Limit: NextAttack
      Name: Attack
    AllyType: Single
    Name: Boost
- Level: 5
  Usage: Daily
  Tool: Weapon
  ToolRange: Range
  PowerSource: Martial
  Attacks:
  - WeaponDice: 1.125
    Ability: Strength
    DamageTypes:
    - Fire
    Modifiers:
    - Name: RequiredHitForNextAttack
  - WeaponDice: 1.53125
    Ability: Strength
    DamageTypes:
    - Fire
    Modifiers:
    - Name: RequiresPreviousHit
    - Name: RequiredHitForNextAttack
    - Abilities:
      - Strength
      Name: Ability Modifier Damage
    - Movement:
      - Timing: After
        Amount: +2
        Name: Shift
      Name: Skirmish Movement
  - WeaponDice: 1.53125
    Ability: Strength
    DamageTypes:
    - Fire
    Modifiers:
    - Name: RequiresPreviousHit
    - Abilities:
      - Strength
      Name: Ability Modifier Damage
    - SelfBoosts: []
      AllyBoosts:
      - Amount: +2
        Name: Temporary Hit Points
      AllyType: Single
      Name: Boost
  Modifiers:
  - SelfBoosts: []
    AllyBoosts:
    - Name: Extra Saving Throw
    AllyType: Single
    Name: Boost
- Level: 7
  Usage: Encounter
  Tool: Weapon
  ToolRange: Range
  PowerSource: Martial
  Attacks:
  - WeaponDice: 1
    Ability: Strength
    DamageTypes:
    - Normal
    Modifiers:
    - Name: TwoHits
    - Abilities:
      - Strength
      Name: Ability Modifier Damage
  Modifiers: []
- Level: 7
  Usage: Encounter
  Tool: Weapon
  ToolRange: Range
  PowerSource: Martial
  Attacks:
  - WeaponDice: 1.0000000000000002
    Ability: Strength
    DamageTypes:
    - Fire
    Modifiers:
    - Name: RequiredHitForNextAttack
  - WeaponDice: 1.75
    Ability: Strength
    DamageTypes:
    - Fire
    Modifiers:
    - Name: RequiresPreviousHit
    - Abilities:
      - Strength
      Name: Ability Modifier Damage
  Modifiers:
  - SelfBoosts: []
    AllyBoosts:
    - Amount: +2
      Limit: Target
      Name: Attack
    AllyType: Single
    Name: Boost
  - Duration: EndOfUserNextTurn
    Name: Duration
- Level: 7
  Usage: Encounter
  Tool: Weapon
  ToolRange: Range
  PowerSource: Martial
  Attacks:
  - WeaponDice: 1.2000000000000002
    Ability: Strength
    DamageTypes:
    - Fire
    Modifiers:
    - Name: RequiredHitForNextAttack
  - WeaponDice: 1.7000000000000002
    Ability: Strength
    DamageTypes:
    - Fire
    Modifiers:
    - Name: RequiresPreviousHit
    - Abilities:
      - Strength
      Name: Ability Modifier Damage
    - SelfBoosts:
      - Amount: DEX
        Limit: NextAttack
        Name: Attack
      AllyBoosts: []
      AllyType: Single
      Name: Boost
  Modifiers: []
- Level: 7
  Usage: Encounter
  Tool: Weapon
  ToolRange: Range
  PowerSource: Martial
  Attacks:
  - WeaponDice: 1.0000000000000002
    Ability: Dexterity
    DamageTypes:
    - Fire
    Modifiers:
    - Name: RequiredHitForNextAttack
  - WeaponDice: 1.75
    Ability: Dexterity
    DamageTypes:
    - Fire
    Modifiers:
    - Name: RequiresPreviousHit
    - Abilities:
      - Dexterity
      Name: Ability Modifier Damage
  Modifiers:
  - SelfBoosts:
    - Amount: DEX
      Limit: NextAttack
      Name: Attack
    AllyBoosts: []
    AllyType: Single
    Name: Boost
- Level: 9
  Usage: Daily
  Tool: Weapon
  ToolRange: Range
  PowerSource: Martial
  Attacks:
  - WeaponDice: 2.1000000000000001
    Ability: Strength
    DamageTypes:
    - Normal
    Modifiers:
    - Name: RequiredHitForNextAttack
    - Abilities:
      - Strength
      Name: Ability Modifier Damage
  - WeaponDice: 3.3500000000000005
    Ability: Strength
    DamageTypes:
    - Normal
    Modifiers:
    - Name: RequiresPreviousHit
    - Abilities:
      - Strength
      Name: Ability Modifier Damage
    - SelfBoosts:
      - Amount: +2
        Defense: ArmorClass
        Name: Defense
      AllyBoosts: []
      AllyType: Single
      Name: Boost
  Modifiers:
  - Duration: EndOfEncounter
    Name: Duration
- Level: 9
  Usage: Daily
  Tool: Weapon
  ToolRange: Range
  PowerSource: Martial
  Attacks:
  - WeaponDice: 2.1000000000000001
    Ability: Strength
    DamageTypes:
    - Fire
    Modifiers:
    - Name: RequiredHitForNextAttack
    - Abilities:
      - Strength
      Name: Ability Modifier Damage
  - WeaponDice: 3.3500000000000005
    Ability: Strength
    DamageTypes:
    - Fire
    Modifiers:
    - Name: RequiresPreviousHit
    - Abilities:
      - Strength
      Name: Ability Modifier Damage
    - SelfBoosts:
      - Amount: +2
        Limit: Target
        Name: Attack
      AllyBoosts: []
      AllyType: Single
      Name: Boost
  Modifiers:
  - Duration: EndOfEncounter
    Name: Duration
- Level: 9
  Usage: Daily
  Tool: Weapon
  ToolRange: Range
  PowerSource: Martial
  Attacks:
  - WeaponDice: 3.4230769230769234
    Ability: Strength
    DamageTypes:
    - Normal
    Modifiers:
    - Abilities:
      - Strength
      Name: Ability Modifier Damage
  - WeaponDice: 2.0769230769230771
    Ability: Strength
    DamageTypes:
    - Normal
    Modifiers: []
  Modifiers:
  - SelfBoosts: []
    AllyBoosts:
    - Amount: DEX
      Limit: NextAttack
      Name: Attack
    AllyType: Single
    Name: Boost
- Level: 9
  Usage: Daily
  Tool: Weapon
  ToolRange: Range
  PowerSource: Martial
  Attacks:
  - WeaponDice: 5
    Ability: Strength
    DamageTypes:
    - Fire
    Modifiers:
    - Name: UpToThreeTargets
  Modifiers: []
- Level: 11
  Usage: Encounter
  Tool: Weapon
  ToolRange: Range
  PowerSource: Martial
  Attacks:
  - WeaponDice: 2
    Ability: Dexterity
    DamageTypes:
    - Fire
    Modifiers:
    - Abilities:
      - Dexterity
      - Strength
      Name: Ability Modifier Damage
  - WeaponDice: 1
    Ability: Dexterity
    DamageTypes:
    - Fire
    Modifiers: []
  Modifiers: []
- Level: 11
  Usage: Encounter
  Tool: Weapon
  ToolRange: Range
  PowerSource: Martial
  Attacks:
  - WeaponDice: 1
    Ability: Dexterity
    DamageTypes:
    - Fire
    Modifiers:
    - Name: RequiredHitForNextAttack
  - WeaponDice: 1.75
    Ability: Dexterity
    DamageTypes:
    - Fire
    Modifiers:
    - Name: RequiresPreviousHit
    - Name: RequiredHitForNextAttack
    - Abilities:
      - Dexterity
      Name: Ability Modifier Damage
  - WeaponDice: 1.75
    Ability: Dexterity
    DamageTypes:
    - Fire
    Modifiers:
    - Name: RequiresPreviousHit
    - Abilities:
      - Dexterity
      Name: Ability Modifier Damage
  Modifiers: []
- Level: 11
  Usage: Encounter
  Tool: Weapon
  ToolRange: Range
  PowerSource: Martial
  Attacks:
  - WeaponDice: 1
    Ability: Strength
    DamageTypes:
    - Normal
    Modifiers: []
  - WeaponDice: 2
    Ability: Strength
    DamageTypes:
    - Normal
    Modifiers:
    - Conditions:
      - Name: Slowed
      - Name: Dazed
      Name: Condition
  Modifiers:
  - Duration: EndOfUserNextTurn
    Name: Duration
- Level: 11
  Usage: Encounter
  Tool: Weapon
  ToolRange: Range
  PowerSource: Martial
  Attacks:
  - WeaponDice: 1
    Ability: Strength
    DamageTypes:
    - Normal
    Modifiers:
    - Name: RequiredHitForNextAttack
  - WeaponDice: 1.75
    Ability: Strength
    DamageTypes:
    - Normal
    Modifiers:
    - Name: RequiresPreviousHit
    - Name: RequiredHitForNextAttack
    - Abilities:
      - Strength
      Name: Ability Modifier Damage
  - WeaponDice: 1.75
    Ability: Strength
    DamageTypes:
    - Normal
    Modifiers:
    - Name: RequiresPreviousHit
    - Abilities:
      - Strength
      Name: Ability Modifier Damage
  Modifiers: []
- Level: 13
  Usage: Encounter
  Tool: Weapon
  ToolRange: Range
  PowerSource: Martial
  Attacks:
  - WeaponDice: 2.1666666666666665
    Ability: Dexterity
    DamageTypes:
    - Normal
    Modifiers:
    - Name: RequiredHitForNextAttack
    - Abilities:
      - Dexterity
      Name: Ability Modifier Damage
  - WeaponDice: 1.5
    Ability: Dexterity
    DamageTypes:
    - Normal
    Modifiers:
    - Name: RequiresPreviousHit
    - Abilities:
      - Dexterity
      Name: Ability Modifier Damage
  Modifiers: []
- Level: 13
  Usage: Encounter
  Tool: Weapon
  ToolRange: Range
  PowerSource: Martial
  Attacks:
  - WeaponDice: 1.1000000000000001
    Ability: Dexterity
    DamageTypes:
    - Fire
    Modifiers:
    - Name: RequiredHitForNextAttack
    - Abilities:
      - Dexterity
      Name: Ability Modifier Damage
  - WeaponDice: 2.1000000000000005
    Ability: Dexterity
    DamageTypes:
    - Fire
    Modifiers:
    - Name: RequiresPreviousHit
    - Abilities:
      - Dexterity
      Name: Ability Modifier Damage
    - Effects:
      - Mode: Pull
        Amount: +2
        Name: Slide Opponent
      Name: MovementControl
  Modifiers: []
- Level: 13
  Usage: Encounter
  Tool: Weapon
  ToolRange: Range
  PowerSource: Martial
  Attacks:
  - WeaponDice: 1
    Ability: Dexterity
    DamageTypes:
    - Fire
    Modifiers: []
  - WeaponDice: 2
    Ability: Dexterity
    DamageTypes:
    - Fire
    Modifiers:
    - Abilities:
      - Dexterity
      - Strength
      Name: Ability Modifier Damage
  Modifiers: []
- Level: 13
  Usage: Encounter
  Tool: Weapon
  ToolRange: Range
  PowerSource: Martial
  Attacks:
  - WeaponDice: 2.1666666666666665
    Ability: Dexterity
    DamageTypes:
    - Fire
    Modifiers:
    - Name: RequiredHitForNextAttack
    - Abilities:
      - Dexterity
      Name: Ability Modifier Damage
  - WeaponDice: 1.5
    Ability: Dexterity
    DamageTypes:
    - Fire
    Modifiers:
    - Name: RequiresPreviousHit
    - Effects:
      - Mode: Slide
        Amount: +1
        Name: Slide Opponent
      Name: MovementControl
  Modifiers: []
- Level: 15
  Usage: Daily
  Tool: Weapon
  ToolRange: Range
  PowerSource: Martial
  Attacks:
  - WeaponDice: 4
    Ability: Dexterity
    DamageTypes:
    - Fire
    Modifiers:
    - Name: UpToThreeTargets
    - Abilities:
      - Dexterity
      Name: Ability Modifier Damage
  Modifiers:
  - SelfBoosts:
    - Amount: DEX
      Name: Temporary Hit Points
    AllyBoosts:
    - Amount: DEX
      Limit: NextAttack
      Name: Attack
    AllyType: All
    Name: Boost
- Level: 15
  Usage: Daily
  Tool: Weapon
  ToolRange: Range
  PowerSource: Martial
  Attacks:
  - WeaponDice: 2.4436619718309855
    Ability: Strength
    DamageTypes:
    - Normal
    Modifiers:
    - Name: RequiredHitForNextAttack
    - Abilities:
      - Strength
      Name: Ability Modifier Damage
  - WeaponDice: 3.334507042253521
    Ability: Strength
    DamageTypes:
    - Normal
    Modifiers:
    - Name: RequiresPreviousHit
    - Abilities:
      - Strength
      Name: Ability Modifier Damage
  Modifiers:
  - SelfBoosts:
    - Amount: +2
      Defense: ArmorClass
      Name: Defense
    AllyBoosts: []
    AllyType: Single
    Name: Boost
  - Duration: EndOfEncounter
    Name: Duration
- Level: 15
  Usage: Daily
  Tool: Weapon
  ToolRange: Range
  PowerSource: Martial
  Attacks:
  - WeaponDice: 1.75
    Ability: Dexterity
    DamageTypes:
    - Fire
    Modifiers:
    - Name: TwoHits
    - Abilities:
      - Dexterity
      Name: Ability Modifier Damage
    - Movement:
      - Timing: Anytime
        Amount: DEX
        Name: Shift
      Name: Skirmish Movement
    - Amount: +4
      Name: To-Hit Bonus to Current Attack
  Modifiers: []
- Level: 15
  Usage: Daily
  Tool: Weapon
  ToolRange: Range
  PowerSource: Martial
  Attacks:
  - WeaponDice: 3.4333333333333336
    Ability: Dexterity
    DamageTypes:
    - Normal
    Modifiers:
    - Abilities:
      - Dexterity
      - Strength
      Name: Ability Modifier Damage
  - WeaponDice: 2.0666666666666669
    Ability: Dexterity
    DamageTypes:
    - Normal
    Modifiers:
    - Abilities:
      - Dexterity
      Name: Ability Modifier Damage
  Modifiers:
  - SelfBoosts: []
    AllyBoosts:
    - Amount: STR
      Name: Temporary Hit Points
    AllyType: Single
    Name: Boost
- Level: 17
  Usage: Encounter
  Tool: Weapon
  ToolRange: Range
  PowerSource: Martial
  Attacks:
  - WeaponDice: 1.5
    Ability: Strength
    DamageTypes:
    - Fire
    Modifiers:
    - Name: TwoHits
    - Abilities:
      - Strength
      Name: Ability Modifier Damage
  Modifiers: []
- Level: 17
  Usage: Encounter
  Tool: Weapon
  ToolRange: Range
  PowerSource: Martial
  Attacks:
  - WeaponDice: 1
    Ability: Strength
    DamageTypes:
    - Normal
    Modifiers:
    - Name: RequiredHitForNextAttack
  - WeaponDice: 2.25
    Ability: Strength
    DamageTypes:
    - Normal
    Modifiers:
    - Name: RequiresPreviousHit
    - Name: RequiredHitForNextAttack
  - WeaponDice: 1.75
    Ability: Strength
    DamageTypes:
    - Normal
    Modifiers:
    - Name: RequiresPreviousHit
    - Abilities:
      - Strength
      Name: Ability Modifier Damage
  Modifiers: []
- Level: 17
  Usage: Encounter
  Tool: Weapon
  ToolRange: Range
  PowerSource: Martial
  Attacks:
  - WeaponDice: 1
    Ability: Dexterity
    DamageTypes:
    - Fire
    Modifiers:
    - Name: RequiredHitForNextAttack
  - WeaponDice: 1.75
    Ability: Dexterity
    DamageTypes:
    - Fire
    Modifiers:
    - Name: RequiresPreviousHit
    - Name: RequiredHitForNextAttack
    - Abilities:
      - Dexterity
      Name: Ability Modifier Damage
  - WeaponDice: 1.75
    Ability: Dexterity
    DamageTypes:
    - Fire
    Modifiers:
    - Name: RequiresPreviousHit
    - SelfBoosts: []
      AllyBoosts:
      - Amount: +2
        Limit: Target
        Name: Attack
      AllyType: Single
      Name: Boost
  Modifiers:
  - Duration: EndOfUserNextTurn
    Name: Duration
- Level: 17
  Usage: Encounter
  Tool: Weapon
  ToolRange: Range
  PowerSource: Martial
  Attacks:
  - WeaponDice: 1
    Ability: Strength
    DamageTypes:
    - Fire
    Modifiers:
    - Name: RequiredHitForNextAttack
  - WeaponDice: 1.75
    Ability: Strength
    DamageTypes:
    - Fire
    Modifiers:
    - Name: RequiresPreviousHit
    - Name: RequiredHitForNextAttack
    - Abilities:
      - Strength
      Name: Ability Modifier Damage
  - WeaponDice: 1.75
    Ability: Strength
    DamageTypes:
    - Fire
    Modifiers:
    - Name: RequiresPreviousHit
    - Movement:
      - Timing: After
        Amount: +2
        Name: Shift
      Name: Skirmish Movement
  Modifiers: []
- Level: 19
  Usage: Daily
  Tool: Weapon
  ToolRange: Range
  PowerSource: Martial
  Attacks:
  - WeaponDice: 4.4411764705882355
    Ability: Strength
    DamageTypes:
    - Fire
    Modifiers:
    - Abilities:
      - Strength
      Name: Ability Modifier Damage
  - WeaponDice: 2.5588235294117645
    Ability: Strength
    DamageTypes:
    - Fire
    Modifiers:
    - Abilities:
      - Strength
      Name: Ability Modifier Damage
  Modifiers:
  - SelfBoosts: []
    AllyBoosts:
    - Amount: STR
      Name: Temporary Hit Points
    AllyType: Single
    Name: Boost
- Level: 19
  Usage: Daily
  Tool: Weapon
  ToolRange: Range
  PowerSource: Martial
  Attacks:
  - WeaponDice: 2.9000000000000004
    Ability: Strength
    DamageTypes:
    - Normal
    Modifiers:
    - Name: RequiredHitForNextAttack
    - Abilities:
      - Strength
      Name: Ability Modifier Damage
  - WeaponDice: 2.1500000000000012
    Ability: Strength
    DamageTypes:
    - Normal
    Modifiers:
    - Name: RequiresPreviousHit
    - Abilities:
      - Strength
      Name: Ability Modifier Damage
    - SelfBoosts:
      - Amount: +2
        Defense: Reflex
        Name: Defense
      - Amount: STR
        Limit: Target
        Name: Attack
      AllyBoosts:
      - Amount: +2
        Name: Temporary Hit Points
      AllyType: All
      Name: Boost
  Modifiers:
  - Duration: EndOfEncounter
    Name: Duration
- Level: 19
  Usage: Daily
  Tool: Weapon
  ToolRange: Range
  PowerSource: Martial
  Attacks:
  - WeaponDice: 2.1764705882352939
    Ability: Dexterity
    DamageTypes:
    - Normal
    Modifiers:
    - Abilities:
      - Dexterity
      Name: Ability Modifier Damage
  - WeaponDice: 2.8235294117647065
    Ability: Dexterity
    DamageTypes:
    - Normal
    Modifiers:
    - Abilities:
      - Dexterity
      Name: Ability Modifier Damage
    - Conditions:
      - Name: Dazed
      Name: Condition
  Modifiers:
  - Duration: SaveEnds
    Name: Duration
  - SelfBoosts:
    - Amount: DEX + 2
      Name: Temporary Hit Points
    AllyBoosts:
    - Amount: DEX
      Limit: NextAttack
      Name: Attack
    AllyType: Single
    Name: Boost
- Level: 19
  Usage: Daily
  Tool: Weapon
  ToolRange: Range
  PowerSource: Martial
  Attacks:
  - WeaponDice: 7
    Ability: Dexterity
    DamageTypes:
    - Normal
    Modifiers:
    - Name: UpToThreeTargets
  Modifiers: []
- Level: 20
  Usage: Daily
  Tool: Weapon
  ToolRange: Range
  PowerSource: Martial
  Attacks:
  - WeaponDice: 5
    Ability: Dexterity
    DamageTypes:
    - Fire
    Modifiers:
    - Name: UpToThreeTargets
    - Abilities:
      - Dexterity
      Name: Ability Modifier Damage
    - Effects:
      - Mode: Slide
        Amount: +1
        Name: Slide Opponent
      Name: MovementControl
  Modifiers:
  - SelfBoosts:
    - Name: Extra Saving Throw
    AllyBoosts: []
    AllyType: Single
    Name: Boost
- Level: 20
  Usage: Daily
  Tool: Weapon
  ToolRange: Range
  PowerSource: Martial
  Attacks:
  - WeaponDice: 2.3307692307692305
    Ability: Strength
    DamageTypes:
    - Fire
    Modifiers:
    - Name: RequiredHitForNextAttack
    - Abilities:
      - Strength
      Name: Ability Modifier Damage
  - WeaponDice: 4.2076923076923078
    Ability: Strength
    DamageTypes:
    - Fire
    Modifiers:
    - Name: RequiresPreviousHit
    - Name: RequiredHitForNextAttack
    - Abilities:
      - Strength
      Name: Ability Modifier Damage
  - WeaponDice: 3.046153846153846
    Ability: Strength
    DamageTypes:
    - Fire
    Modifiers:
    - Name: RequiresPreviousHit
  Modifiers:
  - SelfBoosts: []
    AllyBoosts:
    - Amount: STR
      Limit: NextAttack
      Name: Attack
    AllyType: Single
    Name: Boost
- Level: 20
  Usage: Daily
  Tool: Weapon
  ToolRange: Range
  PowerSource: Martial
  Attacks:
  - WeaponDice: 2.3307692307692305
    Ability: Strength
    DamageTypes:
    - Fire
    Modifiers:
    - Name: RequiredHitForNextAttack
    - Abilities:
      - Strength
      Name: Ability Modifier Damage
  - WeaponDice: 3.2076923076923078
    Ability: Strength
    DamageTypes:
    - Fire
    Modifiers:
    - Name: RequiresPreviousHit
    - Name: RequiredHitForNextAttack
    - Abilities:
      - Strength
      Name: Ability Modifier Damage
    - SelfBoosts: []
      AllyBoosts:
      - Amount: DEX + 2
        Name: Temporary Hit Points
      AllyType: Single
      Name: Boost
  - WeaponDice: 3.046153846153846
    Ability: Strength
    DamageTypes:
    - Fire
    Modifiers:
    - Name: RequiresPreviousHit
  Modifiers:
  - SelfBoosts: []
    AllyBoosts:
    - Amount: +2
      Name: Temporary Hit Points
    AllyType: Single
    Name: Boost
- Level: 20
  Usage: Daily
  Tool: Weapon
  ToolRange: Range
  PowerSource: Martial
  Attacks:
  - WeaponDice: 4.4411764705882355
    Ability: Strength
    DamageTypes:
    - Fire
    Modifiers:
    - Abilities:
      - Strength
      Name: Ability Modifier Damage
  - WeaponDice: 2.5588235294117645
    Ability: Strength
    DamageTypes:
    - Fire
    Modifiers:
    - Abilities:
      - Strength
      Name: Ability Modifier Damage
  Modifiers:
  - SelfBoosts:
    - Amount: DEX
      Limit: NextAttack
      Name: Attack
    AllyBoosts: []
    AllyType: Single
    Name: Boost
- Level: 23
  Usage: Encounter
  Tool: Weapon
  ToolRange: Range
  PowerSource: Martial
  Attacks:
  - WeaponDice: 1.1111111111111112
    Ability: Dexterity
    DamageTypes:
    - Normal
    Modifiers:
    - Name: RequiredHitForNextAttack
  - WeaponDice: 2.3333333333333339
    Ability: Dexterity
    DamageTypes:
    - Normal
    Modifiers:
    - Name: RequiresPreviousHit
    - Effects:
      - Name: Prone
      - Mode: Pull
        Amount: +1
        Name: Slide Opponent
      Name: MovementControl
    - Conditions:
      - Name: Weakened
      - Name: Immobilized
      Name: Condition
  Modifiers:
  - Duration: EndOfUserNextTurn
    Name: Duration
- Level: 23
  Usage: Encounter
  Tool: Weapon
  ToolRange: Range
  PowerSource: Martial
  Attacks:
  - WeaponDice: 1
    Ability: Strength
    DamageTypes:
    - Normal
    Modifiers:
    - Abilities:
      - Strength
      Name: Ability Modifier Damage
  - WeaponDice: 3
    Ability: Strength
    DamageTypes:
    - Normal
    Modifiers:
    - Movement:
      - Timing: After
        Amount: STR
        Name: Shift
      Name: Skirmish Movement
  Modifiers: []
- Level: 23
  Usage: Encounter
  Tool: Weapon
  ToolRange: Range
  PowerSource: Martial
  Attacks:
  - WeaponDice: 1.25
    Ability: Dexterity
    DamageTypes:
    - Fire
    Modifiers:
    - Name: RequiredHitForNextAttack
  - WeaponDice: 2.3125
    Ability: Dexterity
    DamageTypes:
    - Fire
    Modifiers:
    - Name: RequiresPreviousHit
    - Name: RequiredHitForNextAttack
    - Abilities:
      - Dexterity
      Name: Ability Modifier Damage
  - WeaponDice: 1.8125
    Ability: Dexterity
    DamageTypes:
    - Fire
    Modifiers:
    - Name: RequiresPreviousHit
    - SelfBoosts: []
      AllyBoosts:
      - Amount: STR
        Name: Temporary Hit Points
      AllyType: Single
      Name: Boost
    - Effects:
      - Mode: Push
        Amount: +1
        Name: Slide Opponent
      Name: MovementControl
  Modifiers: []
- Level: 23
  Usage: Encounter
  Tool: Weapon
  ToolRange: Range
  PowerSource: Martial
  Attacks:
  - WeaponDice: 2
    Ability: Strength
    DamageTypes:
    - Normal
    Modifiers:
    - Name: RequiredHitForNextAttack
  - WeaponDice: 3
    Ability: Strength
    DamageTypes:
    - Normal
    Modifiers:
    - Name: RequiresPreviousHit
    - Abilities:
      - Strength
      Name: Ability Modifier Damage
    - Conditions:
      - Name: Slowed
      Name: Condition
  Modifiers:
  - Duration: SaveEnds
    Name: Duration
- Level: 25
  Usage: Daily
  Tool: Weapon
  ToolRange: Range
  PowerSource: Martial
  Attacks:
  - WeaponDice: 8
    Ability: Strength
    DamageTypes:
    - Fire
    Modifiers:
    - Name: UpToThreeTargets
  Modifiers: []
- Level: 25
  Usage: Daily
  Tool: Weapon
  ToolRange: Range
  PowerSource: Martial
  Attacks:
  - WeaponDice: 6
    Ability: Strength
    DamageTypes:
    - Normal
    Modifiers:
    - Name: UpToThreeTargets
    - Abilities:
      - Strength
      Name: Ability Modifier Damage
    - Conditions:
      - Name: Dazed
      Name: Condition
    - Movement:
      - Timing: After
        Amount: +2
        Name: Shift
      Name: Skirmish Movement
  Modifiers:
  - Duration: SaveEnds
    Name: Duration
- Level: 25
  Usage: Daily
  Tool: Weapon
  ToolRange: Range
  PowerSource: Martial
  Attacks:
  - WeaponDice: 2.25
    Ability: Strength
    DamageTypes:
    - Fire
    Modifiers:
    - Name: TwoHits
    - Abilities:
      - Strength
      Name: Ability Modifier Damage
    - SelfBoosts:
      - Amount: +2
        Defense: Reflex
        Name: Defense
      AllyBoosts: []
      AllyType: Single
      Name: Boost
  Modifiers:
  - Duration: EndOfEncounter
    Name: Duration
- Level: 25
  Usage: Daily
  Tool: Weapon
  ToolRange: Range
  PowerSource: Martial
  Attacks:
  - WeaponDice: 3.7368421052631584
    Ability: Dexterity
    DamageTypes:
    - Fire
    Modifiers:
    - Abilities:
      - Dexterity
      Name: Ability Modifier Damage
  - WeaponDice: 2.2631578947368425
    Ability: Dexterity
    DamageTypes:
    - Fire
    Modifiers:
    - Abilities:
      - Dexterity
      Name: Ability Modifier Damage
  Modifiers:
  - Duration: EndOfEncounter
    Name: Duration
  - SelfBoosts:
    - Amount: +2
      Limit: Target
      Name: Attack
    - Amount: +2
      Name: Temporary Hit Points
    AllyBoosts: []
    AllyType: Single
    Name: Boost
- Level: 27
  Usage: Encounter
  Tool: Weapon
  ToolRange: Range
  PowerSource: Martial
  Attacks:
  - WeaponDice: 2
    Ability: Strength
    DamageTypes:
    - Normal
    Modifiers:
    - Name: RequiredHitForNextAttack
  - WeaponDice: 3
    Ability: Strength
    DamageTypes:
    - Normal
    Modifiers:
    - Name: RequiresPreviousHit
    - Abilities:
      - Strength
      Name: Ability Modifier Damage
    - SelfBoosts:
      - Amount: DEX
        Limit: NextAttack
        Name: Attack
      AllyBoosts:
      - Amount: +2
        Defense: ArmorClass
        Name: Defense
      AllyType: Single
      Name: Boost
  Modifiers:
  - Duration: EndOfUserNextTurn
    Name: Duration
- Level: 27
  Usage: Encounter
  Tool: Weapon
  ToolRange: Range
  PowerSource: Martial
  Attacks:
  - WeaponDice: 1.6304347826086958
    Ability: Strength
    DamageTypes:
    - Fire
    Modifiers:
    - Name: RequiredHitForNextAttack
    - Abilities:
      - Strength
      Name: Ability Modifier Damage
  - WeaponDice: 1.554347826086957
    Ability: Strength
    DamageTypes:
    - Fire
    Modifiers:
    - Name: RequiresPreviousHit
    - Abilities:
      - Strength
      Name: Ability Modifier Damage
  Modifiers:
  - SelfBoosts:
    - Name: Healing Surge
    AllyBoosts:
    - Amount: +2
      Defense: Fortitude
      Name: Defense
    AllyType: Single
    Name: Boost
  - Duration: EndOfUserNextTurn
    Name: Duration
- Level: 27
  Usage: Encounter
  Tool: Weapon
  ToolRange: Range
  PowerSource: Martial
  Attacks:
  - WeaponDice: 3
    Ability: Dexterity
    DamageTypes:
    - Fire
    Modifiers:
    - Name: UpToThreeTargets
    - Abilities:
      - Dexterity
      Name: Ability Modifier Damage
  Modifiers: []
- Level: 27
  Usage: Encounter
  Tool: Weapon
  ToolRange: Range
  PowerSource: Martial
  Attacks:
  - WeaponDice: 2
    Ability: Strength
    DamageTypes:
    - Fire
    Modifiers:
    - Name: UpToThreeTargets
    - Abilities:
      - Strength
      Name: Ability Modifier Damage
    - SelfBoosts:
      - Amount: +2
        Defense: ArmorClass
        Name: Defense
      AllyBoosts:
      - Amount: DEX
        Name: Temporary Hit Points
      AllyType: Single
      Name: Boost
  Modifiers:
  - Duration: EndOfUserNextTurn
    Name: Duration
- Level: 29
  Usage: Daily
  Tool: Weapon
  ToolRange: Range
  PowerSource: Martial
  Attacks:
  - WeaponDice: 4
    Ability: Dexterity
    DamageTypes:
    - Normal
    Modifiers:
    - Name: RequiredHitForNextAttack
  - WeaponDice: 6
    Ability: Dexterity
    DamageTypes:
    - Normal
    Modifiers:
    - Name: RequiresPreviousHit
    - Abilities:
      - Dexterity
      Name: Ability Modifier Damage
    - Movement:
      - Timing: After
        Amount: +2
        Name: Shift
      Name: Skirmish Movement
    - Conditions:
      - Name: Immobilized
      Name: Condition
  Modifiers:
  - SelfBoosts:
    - Amount: DEX
      Limit: NextAttack
      Name: Attack
    AllyBoosts: []
    AllyType: Single
    Name: Boost
  - Duration: SaveEnds
    Name: Duration
- Level: 29
  Usage: Daily
  Tool: Weapon
  ToolRange: Range
  PowerSource: Martial
  Attacks:
  - WeaponDice: 2.7752293577981653
    Ability: Dexterity
    DamageTypes:
    - Fire
    Modifiers:
    - Name: RequiredHitForNextAttack
    - Abilities:
      - Dexterity
      Name: Ability Modifier Damage
  - WeaponDice: 4.3371559633027541
    Ability: Dexterity
    DamageTypes:
    - Fire
    Modifiers:
    - Name: RequiresPreviousHit
    - Abilities:
      - Dexterity
      Name: Ability Modifier Damage
    - SelfBoosts:
      - Amount: +2
        Defense: Reflex
        Name: Defense
      AllyBoosts:
      - Amount: DEX
        Limit: Target
        Name: Attack
      AllyType: All
      Name: Boost
  Modifiers:
  - Duration: EndOfEncounter
    Name: Duration
- Level: 29
  Usage: Daily
  Tool: Weapon
  ToolRange: Range
  PowerSource: Martial
  Attacks:
  - WeaponDice: 3.9554455445544559
    Ability: Dexterity
    DamageTypes:
    - Fire
    Modifiers:
    - Name: RequiredHitForNextAttack
    - Abilities:
      - Dexterity
      Name: Ability Modifier Damage
  - WeaponDice: 5.3168316831683162
    Ability: Dexterity
    DamageTypes:
    - Fire
    Modifiers:
    - Name: RequiresPreviousHit
    - Abilities:
      - Dexterity
      Name: Ability Modifier Damage
    - Conditions:
      - Name: Dazed
      Name: Condition
  Modifiers:
  - Duration: SaveEnds
    Name: Duration
  - SelfBoosts:
    - Amount: +2
      Defense: Fortitude
      Name: Defense
    - Amount: +2
      Limit: NextAttack
      Name: Attack
    AllyBoosts: []
    AllyType: Single
    Name: Boost
- Level: 29
  Usage: Daily
  Tool: Weapon
  ToolRange: Range
  PowerSource: Martial
  Attacks:
  - WeaponDice: 5.4523809523809517
    Ability: Strength
    DamageTypes:
    - Fire
    Modifiers:
    - Abilities:
      - Strength
      Name: Ability Modifier Damage
  - WeaponDice: 2.0476190476190474
    Ability: Strength
    DamageTypes:
    - Fire
    Modifiers:
    - Abilities:
      - Strength
      Name: Ability Modifier Damage
    - SelfBoosts: []
      AllyBoosts:
      - Amount: DEX
        Limit: NextAttack
        Name: Attack
      - Amount: +4
        Name: Temporary Hit Points
      AllyType: Single
      Name: Boost
  Modifiers:
  - SelfBoosts: []
    AllyBoosts:
    - Amount: +2
      Limit: NextAttack
      Name: Attack
    AllyType: Single
    Name: Boost
