Template: Close blast
Attacks:
- WeaponDice: 1.5
  Target: Melee
  Modifiers:
  - Modifier: Multiple3x3
    Options: {}
  - Modifier: Ability Modifier Damage
    Options: {}
