Usage: AtWill
Tool: Weapon
ToolRange: Melee
PowerSource: Martial
Attacks:
- WeaponDice: 1
  Ability: Strength
  DamageTypes:
  - Normal
  Modifiers:
  - Abilities:
    - Strength
    Name: Ability Modifier Damage
  - Movement:
    - Timing: Anytime
      Amount: STR
      Name: Shift
    Name: Skirmish Movement
Modifiers: []
