- PowerInfo:
    Usage: Encounter
    ToolType: Weapon
    ToolRange: Melee
    Level: 1
    Abilities:
    - Strength
    - Dexterity
  PowerProfile:
    Attacks:
    - Target:
        Target: Enemy, Self, Ally
        Name: Basic Target
      Ability: Strength
      Effects:
      - Target:
          Name: See Other
        EffectType: Harmful
        Modifiers:
        - Damage: 1[W] + STR
          DamageTypes: []
          Name: Damage
      Modifiers: []
    Modifiers:
    - PowerSource: Martial
      Name: Power Source
    Effects:
    - Target:
        Target: Ally
        Name: Basic Target
      EffectType: Beneficial
      Modifiers:
      - Damage: STR
        Name: Make Basic Attack
- Name: Unknown
  TypeInfo: Weapon Attack 1
  PowerUsage: Encounter
  Keywords:
  - Martial
  - Weapon
  ActionType: Standard Action
  AttackType: Melee
  AttackTypeDetails: weapon
  Target: One creature
  Attack: STR vs. AC
  RulesText:
  - Label: Hit
    Text: 1[W] + STR damage.
  - Label: Effect
    Text: One of your allies may immediately make a basic attack as a free action and add STR to the damage.
