Template: Conditions
Attacks:
- WeaponDice: 1
  DamageTypes:
  - Weapon
  Target: Melee
  Modifiers:
  - Name: Ability Modifier Damage
  - Conditions:
    - Name: Slowed
    Name: Condition
