- PowerInfo:
    Usage: At-Will
    ToolType: Weapon
    ToolRange: Melee
    Level: 1
    Abilities:
    - Strength
    - Dexterity
  PowerProfile:
    Attacks:
    - Target:
        Name: Basic Target
        Target: Enemy, Self, Ally
      Ability: Strength
      Effects:
      - Target:
          Name: See Other
        EffectType: Harmful
        Modifiers:
        - Name: Condition
          Conditions:
          - Name: Simple
            ConditionName: Dazed
        - Name: Damage
          Damage: 1[W] + STR
          DamageTypes: []
          IncreaseAtHigherLevels: true
      Modifiers: []
    Modifiers:
    - Name: Duration
      Duration: EndOfUserNextTurn
    - Name: Power Source
      PowerSource: Martial
    Effects: []
- Name: Unknown
  TypeInfo: Weapon Attack 1
  FlavorText: ''
  PowerUsage: At-Will
  Keywords:
  - Martial
  - Weapon
  ActionType: Standard Action
  AttackType: Melee
  AttackTypeDetails: weapon
  Target: One creature
  Attack: STR vs. AC
  RulesText:
  - Label: Hit
    Text: '1[W] + STR damage, and the target is dazed until the end of your next turn. Level 21: 2[W] + STR damage.'
- Fields:
    Flavor Text: ''
    Name: Unknown
