- Level: 1
  PowerProfile:
    Usage: AtWill
    Tool: Implement
    ToolRange: Range
    Attacks:
    - WeaponDice: 0.5
      Ability: Strength
      DamageTypes:
      - Radiant
      Modifiers:
      - Defense: Fortitude
        Name: Non-Armor Defense
      - Abilities:
        - Strength
        Name: Ability Modifier Damage
      - Size: 5
        Type: Burst
        Name: Multiple
    Modifiers:
    - PowerSource: Arcane
      Name: Power Source
- Name: Unknown
  TypeInfo: Implement Attack 1
  PowerUsage: At-Will
  Keywords:
  - Arcane
  - Implement
  ActionType: Standard Action
  AttackType: Close
  AttackTypeDetails: burst 2
  Target: Each enemy in range
  Attack: STR vs. Fortitude
  RulesText:
  - Label: Hit
    Text: d4 + STR radiant damage.
