{
  "Template": "Accurate",
  "Tool": "Implement",
  "Attacks": [
    {
      "WeaponDice": 1.0,
      "Modifiers": [
        {
          "Modifier": "Non-Armor Defense"
        },
        {
          "Modifier": "Ability Modifier Damage"
        },
        {
          "Modifier": "To-Hit Bonus +2"
        }
      ]
    }
  ]
}
