Attacks:
- Target:
    Target: Enemy, Self, Ally
    Size: 3
    Type: Blast
    Name: Multiple
  Ability: Strength
  Effects:
  - Target:
      Name: See Other
    EffectType: Harmful
    Modifiers:
    - Damage: 1[W] + STR
      DamageTypes: []
      Name: Damage
  Modifiers: []
Modifiers:
- PowerSource: Martial
  Name: Power Source
Effects: []
