Template: Multiattack
Tool: Implement
Attacks:
- WeaponDice: 1
  Ability: Strength
  DamageTypes:
  - Radiant
  Target: Range
  Modifiers:
  - Defense: Fortitude
    Name: Non-Armor Defense
  - Ability: Strength
    Name: Ability Modifier Damage
- WeaponDice: 0.5
  Ability: Strength
  DamageTypes:
  - Radiant
  Target: Range
  Modifiers:
  - Name: SecondaryAttack
  - Defense: Fortitude
    Name: Non-Armor Defense
