// Jest Snapshot v1, https://goo.gl/fbAQLP

exports[`renders 1`] = `
<div>
<div
class="my-4 mx-4 md:mx-auto print:columns-2 max-w-2xl print:max-w-none font-text"
>
<page-sample.mdx />
</div>
</div>
`;
